Command line invocation:
    /Applications/Xcode.app/Contents/Developer/usr/bin/xcodebuild test -project "/Users/leandro/Developer/Leandro Tech/Stock App/StockApp/StockApp.xcodeproj" -scheme StockApp -destination platform=macOS

Resolve Package Graph


Resolved source packages:
  GRDB: https://github.com/groue/GRDB.swift @ 6.29.3

ComputePackagePrebuildTargetDependencyGraph

Prepare packages

CreateBuildRequest

SendProjectDescription

CreateBuildOperation

ComputeTargetDependencyGraph
note: Building targets in dependency order
note: Target dependency graph (6 targets)
    Target 'StockAppTests' in project 'StockApp'
        ➜ Explicit dependency on target 'StockApp' in project 'StockApp'
    Target 'StockApp' in project 'StockApp'
        ➜ Explicit dependency on target 'GRDB' in project 'GRDB'
    Target 'GRDB' in project 'GRDB'
        ➜ Explicit dependency on target 'GRDB' in project 'GRDB'
        ➜ Explicit dependency on target 'GRDB_GRDB' in project 'GRDB'
    Target 'GRDB' in project 'GRDB'
        ➜ Explicit dependency on target 'GRDB_GRDB' in project 'GRDB'
        ➜ Explicit dependency on target 'CSQLite' in project 'GRDB'
    Target 'CSQLite' in project 'GRDB' (no dependencies)
    Target 'GRDB_GRDB' in project 'GRDB' (no dependencies)

GatherProvisioningInputs

CreateBuildDescription

ExecuteExternalTool /Applications/Xcode.app/Contents/Developer/Toolchains/XcodeDefault.xctoolchain/usr/bin/clang -v -E -dM -isysroot /Applications/Xcode.app/Contents/Developer/Platforms/MacOSX.platform/Developer/SDKs/MacOSX26.2.sdk -x c -c /dev/null

ExecuteExternalTool /Applications/Xcode.app/Contents/Developer/usr/bin/actool --version --output-format xml1

ExecuteExternalTool /Applications/Xcode.app/Contents/Developer/Toolchains/XcodeDefault.xctoolchain/usr/bin/swiftc --version

ExecuteExternalTool /Applications/Xcode.app/Contents/Developer/Toolchains/XcodeDefault.xctoolchain/usr/bin/ld -version_details

ReadFileContents /Applications/Xcode.app/Contents/Developer/Toolchains/XcodeDefault.xctoolchain/usr/share/docc/features.json

Build description signature: b5d9a83f646786d39a35359df138ae43
Build description path: /Users/leandro/Library/Developer/Xcode/DerivedData/StockApp-gvybguqogxbfaxebcknhjzivzyzu/Build/Intermediates.noindex/XCBuildData/b5d9a83f646786d39a35359df138ae43.xcbuilddata
ClangStatCache /Applications/Xcode.app/Contents/Developer/Toolchains/XcodeDefault.xctoolchain/usr/bin/clang-stat-cache /Applications/Xcode.app/Contents/Developer/Platforms/MacOSX.platform/Developer/SDKs/MacOSX26.2.sdk /Users/leandro/Library/Developer/Xcode/DerivedData/SDKStatCaches.noindex/macosx26.2-25C57-00fa09913b459cbbc988d1f6730289ae.sdkstatcache
    cd /Users/leandro/Developer/Leandro\ Tech/Stock\ App/StockApp/StockApp.xcodeproj
    /Applications/Xcode.app/Contents/Developer/Toolchains/XcodeDefault.xctoolchain/usr/bin/clang-stat-cache /Applications/Xcode.app/Contents/Developer/Platforms/MacOSX.platform/Developer/SDKs/MacOSX26.2.sdk -o /Users/leandro/Library/Developer/Xcode/DerivedData/SDKStatCaches.noindex/macosx26.2-25C57-00fa09913b459cbbc988d1f6730289ae.sdkstatcache

ProcessInfoPlistFile /Users/leandro/Library/Developer/Xcode/DerivedData/StockApp-gvybguqogxbfaxebcknhjzivzyzu/Build/Products/Debug/GRDB_GRDB.bundle/Contents/Info.plist /Users/leandro/Library/Developer/Xcode/DerivedData/StockApp-gvybguqogxbfaxebcknhjzivzyzu/Build/Intermediates.noindex/GRDB.build/Debug/GRDB_GRDB.build/empty-GRDB_GRDB.plist (in target 'GRDB_GRDB' from project 'GRDB')
    cd /Users/leandro/Library/Developer/Xcode/DerivedData/StockApp-gvybguqogxbfaxebcknhjzivzyzu/SourcePackages/checkouts/GRDB.swift
    builtin-infoPlistUtility /Users/leandro/Library/Developer/Xcode/DerivedData/StockApp-gvybguqogxbfaxebcknhjzivzyzu/Build/Intermediates.noindex/GRDB.build/Debug/GRDB_GRDB.build/empty-GRDB_GRDB.plist -producttype com.apple.product-type.bundle -expandbuildsettings -platform macosx -o /Users/leandro/Library/Developer/Xcode/DerivedData/StockApp-gvybguqogxbfaxebcknhjzivzyzu/Build/Products/Debug/GRDB_GRDB.bundle/Contents/Info.plist

ProcessInfoPlistFile /Users/leandro/Library/Developer/Xcode/DerivedData/StockApp-gvybguqogxbfaxebcknhjzivzyzu/Build/Products/Debug/StockApp.app/Contents/Info.plist /Users/leandro/Library/Developer/Xcode/DerivedData/StockApp-gvybguqogxbfaxebcknhjzivzyzu/Build/Intermediates.noindex/StockApp.build/Debug/StockApp.build/empty-StockApp.plist (in target 'StockApp' from project 'StockApp')
    cd /Users/leandro/Developer/Leandro\ Tech/Stock\ App/StockApp
    builtin-infoPlistUtility /Users/leandro/Library/Developer/Xcode/DerivedData/StockApp-gvybguqogxbfaxebcknhjzivzyzu/Build/Intermediates.noindex/StockApp.build/Debug/StockApp.build/empty-StockApp.plist -producttype com.apple.product-type.application -genpkginfo /Users/leandro/Library/Developer/Xcode/DerivedData/StockApp-gvybguqogxbfaxebcknhjzivzyzu/Build/Products/Debug/StockApp.app/Contents/PkgInfo -expandbuildsettings -platform macosx -additionalcontentfile /Users/leandro/Library/Developer/Xcode/DerivedData/StockApp-gvybguqogxbfaxebcknhjzivzyzu/Build/Intermediates.noindex/StockApp.build/Debug/StockApp.build/assetcatalog_generated_info.plist -scanforprivacyfile /Users/leandro/Library/Developer/Xcode/DerivedData/StockApp-gvybguqogxbfaxebcknhjzivzyzu/Build/Products/Debug/StockApp.app/Contents/Resources/GRDB_GRDB.bundle -o /Users/leandro/Library/Developer/Xcode/DerivedData/StockApp-gvybguqogxbfaxebcknhjzivzyzu/Build/Products/Debug/StockApp.app/Contents/Info.plist

CopySwiftLibs /Users/leandro/Library/Developer/Xcode/DerivedData/StockApp-gvybguqogxbfaxebcknhjzivzyzu/Build/Products/Debug/StockApp.app (in target 'StockApp' from project 'StockApp')
    cd /Users/leandro/Developer/Leandro\ Tech/Stock\ App/StockApp
    builtin-swiftStdLibTool --copy --verbose --sign 490D096A205AD09B18E56584C4273854FC8512E0 --scan-executable /Users/leandro/Library/Developer/Xcode/DerivedData/StockApp-gvybguqogxbfaxebcknhjzivzyzu/Build/Products/Debug/StockApp.app/Contents/MacOS/StockApp.debug.dylib --scan-folder /Users/leandro/Library/Developer/Xcode/DerivedData/StockApp-gvybguqogxbfaxebcknhjzivzyzu/Build/Products/Debug/StockApp.app/Contents/Frameworks --scan-folder /Users/leandro/Library/Developer/Xcode/DerivedData/StockApp-gvybguqogxbfaxebcknhjzivzyzu/Build/Products/Debug/StockApp.app/Contents/PlugIns --scan-folder /Users/leandro/Library/Developer/Xcode/DerivedData/StockApp-gvybguqogxbfaxebcknhjzivzyzu/Build/Products/Debug/StockApp.app/Contents/Library/SystemExtensions --scan-folder /Users/leandro/Library/Developer/Xcode/DerivedData/StockApp-gvybguqogxbfaxebcknhjzivzyzu/Build/Products/Debug/StockApp.app/Contents/Extensions --platform macosx --toolchain /Applications/Xcode.app/Contents/Developer/Toolchains/XcodeDefault.xctoolchain --destination /Users/leandro/Library/Developer/Xcode/DerivedData/StockApp-gvybguqogxbfaxebcknhjzivzyzu/Build/Products/Debug/StockApp.app/Contents/Frameworks --strip-bitcode --strip-bitcode-tool /Applications/Xcode.app/Contents/Developer/Toolchains/XcodeDefault.xctoolchain/usr/bin/bitcode_strip --emit-dependency-info /Users/leandro/Library/Developer/Xcode/DerivedData/StockApp-gvybguqogxbfaxebcknhjzivzyzu/Build/Intermediates.noindex/StockApp.build/Debug/StockApp.build/SwiftStdLibToolInputDependencies.dep --filter-for-swift-os

ProcessInfoPlistFile /Users/leandro/Library/Developer/Xcode/DerivedData/StockApp-gvybguqogxbfaxebcknhjzivzyzu/Build/Products/Debug/StockApp.app/Contents/PlugIns/StockAppTests.xctest/Contents/Info.plist /Users/leandro/Library/Developer/Xcode/DerivedData/StockApp-gvybguqogxbfaxebcknhjzivzyzu/Build/Intermediates.noindex/StockApp.build/Debug/StockAppTests.build/empty-StockAppTests.plist (in target 'StockAppTests' from project 'StockApp')
    cd /Users/leandro/Developer/Leandro\ Tech/Stock\ App/StockApp
    builtin-infoPlistUtility /Users/leandro/Library/Developer/Xcode/DerivedData/StockApp-gvybguqogxbfaxebcknhjzivzyzu/Build/Intermediates.noindex/StockApp.build/Debug/StockAppTests.build/empty-StockAppTests.plist -producttype com.apple.product-type.bundle.unit-test -expandbuildsettings -platform macosx -scanforprivacyfile /Users/leandro/Library/Developer/Xcode/DerivedData/StockApp-gvybguqogxbfaxebcknhjzivzyzu/Build/Products/Debug/StockApp.app/Contents/PlugIns/StockAppTests.xctest/Contents/Resources/GRDB_GRDB.bundle -o /Users/leandro/Library/Developer/Xcode/DerivedData/StockApp-gvybguqogxbfaxebcknhjzivzyzu/Build/Products/Debug/StockApp.app/Contents/PlugIns/StockAppTests.xctest/Contents/Info.plist

CopySwiftLibs /Users/leandro/Library/Developer/Xcode/DerivedData/StockApp-gvybguqogxbfaxebcknhjzivzyzu/Build/Products/Debug/StockApp.app/Contents/PlugIns/StockAppTests.xctest (in target 'StockAppTests' from project 'StockApp')
    cd /Users/leandro/Developer/Leandro\ Tech/Stock\ App/StockApp
    builtin-swiftStdLibTool --copy --verbose --sign 490D096A205AD09B18E56584C4273854FC8512E0 --scan-executable /Users/leandro/Library/Developer/Xcode/DerivedData/StockApp-gvybguqogxbfaxebcknhjzivzyzu/Build/Products/Debug/StockApp.app/Contents/PlugIns/StockAppTests.xctest/Contents/MacOS/StockAppTests --scan-folder /Users/leandro/Library/Developer/Xcode/DerivedData/StockApp-gvybguqogxbfaxebcknhjzivzyzu/Build/Products/Debug/StockApp.app/Contents/PlugIns/StockAppTests.xctest/Contents/Frameworks --scan-folder /Users/leandro/Library/Developer/Xcode/DerivedData/StockApp-gvybguqogxbfaxebcknhjzivzyzu/Build/Products/Debug/StockApp.app/Contents/PlugIns/StockAppTests.xctest/Contents/PlugIns --scan-folder /Users/leandro/Library/Developer/Xcode/DerivedData/StockApp-gvybguqogxbfaxebcknhjzivzyzu/Build/Products/Debug/StockApp.app/Contents/PlugIns/StockAppTests.xctest/Contents/Library/SystemExtensions --scan-folder /Users/leandro/Library/Developer/Xcode/DerivedData/StockApp-gvybguqogxbfaxebcknhjzivzyzu/Build/Products/Debug/StockApp.app/Contents/PlugIns/StockAppTests.xctest/Contents/Extensions --platform macosx --toolchain /Applications/Xcode.app/Contents/Developer/Toolchains/XcodeDefault.xctoolchain --destination /Users/leandro/Library/Developer/Xcode/DerivedData/StockApp-gvybguqogxbfaxebcknhjzivzyzu/Build/Products/Debug/StockApp.app/Contents/PlugIns/StockAppTests.xctest/Contents/Frameworks --strip-bitcode --scan-executable /Applications/Xcode.app/Contents/Developer/Platforms/MacOSX.platform/Developer/usr/lib/libXCTestSwiftSupport.dylib --strip-bitcode-tool /Applications/Xcode.app/Contents/Developer/Toolchains/XcodeDefault.xctoolchain/usr/bin/bitcode_strip --emit-dependency-info /Users/leandro/Library/Developer/Xcode/DerivedData/StockApp-gvybguqogxbfaxebcknhjzivzyzu/Build/Intermediates.noindex/StockApp.build/Debug/StockAppTests.build/SwiftStdLibToolInputDependencies.dep --filter-for-swift-os

CodeSign /Users/leandro/Library/Developer/Xcode/DerivedData/StockApp-gvybguqogxbfaxebcknhjzivzyzu/Build/Products/Debug/StockApp.app/Contents/MacOS/StockApp.debug.dylib (in target 'StockApp' from project 'StockApp')
    cd /Users/leandro/Developer/Leandro\ Tech/Stock\ App/StockApp
    
    Signing Identity:     "Apple Development: fleandro.nascimento@gmail.com (YBVXHTTM27)"
    
    /usr/bin/codesign --force --sign 490D096A205AD09B18E56584C4273854FC8512E0 -o runtime --timestamp\=none --generate-entitlement-der /Users/leandro/Library/Developer/Xcode/DerivedData/StockApp-gvybguqogxbfaxebcknhjzivzyzu/Build/Products/Debug/StockApp.app/Contents/MacOS/StockApp.debug.dylib
/Users/leandro/Library/Developer/Xcode/DerivedData/StockApp-gvybguqogxbfaxebcknhjzivzyzu/Build/Products/Debug/StockApp.app/Contents/MacOS/StockApp.debug.dylib: replacing existing signature

CodeSign /Users/leandro/Library/Developer/Xcode/DerivedData/StockApp-gvybguqogxbfaxebcknhjzivzyzu/Build/Products/Debug/StockApp.app/Contents/MacOS/__preview.dylib (in target 'StockApp' from project 'StockApp')
    cd /Users/leandro/Developer/Leandro\ Tech/Stock\ App/StockApp
    
    Signing Identity:     "Apple Development: fleandro.nascimento@gmail.com (YBVXHTTM27)"
    
    /usr/bin/codesign --force --sign 490D096A205AD09B18E56584C4273854FC8512E0 -o runtime --timestamp\=none --generate-entitlement-der /Users/leandro/Library/Developer/Xcode/DerivedData/StockApp-gvybguqogxbfaxebcknhjzivzyzu/Build/Products/Debug/StockApp.app/Contents/MacOS/__preview.dylib
/Users/leandro/Library/Developer/Xcode/DerivedData/StockApp-gvybguqogxbfaxebcknhjzivzyzu/Build/Products/Debug/StockApp.app/Contents/MacOS/__preview.dylib: replacing existing signature

CodeSign /Users/leandro/Library/Developer/Xcode/DerivedData/StockApp-gvybguqogxbfaxebcknhjzivzyzu/Build/Products/Debug/StockApp.app (in target 'StockApp' from project 'StockApp')
    cd /Users/leandro/Developer/Leandro\ Tech/Stock\ App/StockApp
    
    Signing Identity:     "Apple Development: fleandro.nascimento@gmail.com (YBVXHTTM27)"
    
    /usr/bin/codesign --force --sign 490D096A205AD09B18E56584C4273854FC8512E0 -o runtime --entitlements /Users/leandro/Library/Developer/Xcode/DerivedData/StockApp-gvybguqogxbfaxebcknhjzivzyzu/Build/Intermediates.noindex/StockApp.build/Debug/StockApp.build/StockApp.app.xcent --timestamp\=none --generate-entitlement-der /Users/leandro/Library/Developer/Xcode/DerivedData/StockApp-gvybguqogxbfaxebcknhjzivzyzu/Build/Products/Debug/StockApp.app
/Users/leandro/Library/Developer/Xcode/DerivedData/StockApp-gvybguqogxbfaxebcknhjzivzyzu/Build/Products/Debug/StockApp.app: replacing existing signature

Validate /Users/leandro/Library/Developer/Xcode/DerivedData/StockApp-gvybguqogxbfaxebcknhjzivzyzu/Build/Products/Debug/StockApp.app (in target 'StockApp' from project 'StockApp')
    cd /Users/leandro/Developer/Leandro\ Tech/Stock\ App/StockApp
    builtin-validationUtility /Users/leandro/Library/Developer/Xcode/DerivedData/StockApp-gvybguqogxbfaxebcknhjzivzyzu/Build/Products/Debug/StockApp.app -no-validate-extension -infoplist-subpath Contents/Info.plist

RegisterWithLaunchServices /Users/leandro/Library/Developer/Xcode/DerivedData/StockApp-gvybguqogxbfaxebcknhjzivzyzu/Build/Products/Debug/StockApp.app (in target 'StockApp' from project 'StockApp')
    cd /Users/leandro/Developer/Leandro\ Tech/Stock\ App/StockApp
    /System/Library/Frameworks/CoreServices.framework/Versions/Current/Frameworks/LaunchServices.framework/Versions/Current/Support/lsregister -f -R -trusted /Users/leandro/Library/Developer/Xcode/DerivedData/StockApp-gvybguqogxbfaxebcknhjzivzyzu/Build/Products/Debug/StockApp.app

Testing started
Test suite 'AppStateTests' started on 'My Mac - StockApp (5534)'
Test case 'AppStateTests.test_add_computesPosition()' passed on 'My Mac - StockApp (5534)' (0.007 seconds)
Test case 'AppStateTests.test_add_insertsAndRefreshes()' passed on 'My Mac - StockApp (5534)' (0.006 seconds)
Test case 'AppStateTests.test_delete_removesTransactionAndRefreshes()' passed on 'My Mac - StockApp (5534)' (0.017 seconds)
Test case 'AppStateTests.test_fullSell_removesPosition()' failed on 'My Mac - StockApp (5534)' (0.072 seconds)
Test case 'AppStateTests.test_importTransactions_insertsAllRows()' passed on 'My Mac - StockApp (5534)' (0.002 seconds)
Test case 'AppStateTests.test_importTransactions_refreshesPositions()' passed on 'My Mac - StockApp (5534)' (0.009 seconds)
Test case 'AppStateTests.test_initialState_isEmpty()' passed on 'My Mac - StockApp (5534)' (0.015 seconds)
Test case 'AppStateTests.test_loadAll_populatesTransactions()' passed on 'My Mac - StockApp (5534)' (0.103 seconds)
Test case 'AppStateTests.test_previewImport_returnsDuplicateFlag()' passed on 'My Mac - StockApp (5534)' (0.103 seconds)
Test case 'AppStateTests.test_update_changesTransactionAndRefreshes()' passed on 'My Mac - StockApp (5534)' (0.104 seconds)
Test suite 'BRLFormatterTests' started on 'My Mac - StockApp (5534)'
Test case 'BRLFormatterTests.test_currency_formatsWithCommaDecimal()' failed on 'My Mac - StockApp (5534)' (0.002 seconds)
Test case 'BRLFormatterTests.test_currency_smallValue()' failed on 'My Mac - StockApp (5534)' (0.002 seconds)
Test case 'BRLFormatterTests.test_currency_zero()' failed on 'My Mac - StockApp (5534)' (0.002 seconds)
Test case 'BRLFormatterTests.test_date_brazilianFormat()' passed on 'My Mac - StockApp (5534)' (0.002 seconds)
Test case 'BRLFormatterTests.test_date_invalidReturnsOriginal()' passed on 'My Mac - StockApp (5534)' (0.001 seconds)
Test case 'BRLFormatterTests.test_decimal_commaDecimal()' passed on 'My Mac - StockApp (5534)' (0.001 seconds)
Test case 'BRLFormatterTests.test_decimal_twoPlaces()' passed on 'My Mac - StockApp (5534)' (0.001 seconds)
Test case 'BRLFormatterTests.test_quantity_fractionalShowsDecimal()' passed on 'My Mac - StockApp (5534)' (0.001 seconds)
Test case 'BRLFormatterTests.test_quantity_integerShowsNoDecimal()' passed on 'My Mac - StockApp (5534)' (0.001 seconds)
Test suite 'TransactionRepositoryTests' started on 'My Mac - StockApp (5534)'
Test case 'TransactionRepositoryTests.test_delete_nonExistentId_returnsFalse()' passed on 'My Mac - StockApp (5534)' (0.003 seconds)
Test case 'TransactionRepositoryTests.test_delete_removesTransaction()' passed on 'My Mac - StockApp (5534)' (0.003 seconds)
Test case 'TransactionRepositoryTests.test_fetchAll_sortedByCreatedAt_whenSameDate()' passed on 'My Mac - StockApp (5534)' (0.001 seconds)
Test case 'TransactionRepositoryTests.test_fetchAll_sortedByDateThenCreatedAt()' passed on 'My Mac - StockApp (5534)' (0.003 seconds)
Test case 'TransactionRepositoryTests.test_fetchAll_upToDate_excludesLater()' passed on 'My Mac - StockApp (5534)' (0.004 seconds)
Test case 'TransactionRepositoryTests.test_insert_and_fetchAll()' passed on 'My Mac - StockApp (5534)' (0.002 seconds)
Test case 'TransactionRepositoryTests.test_update_changesFields()' passed on 'My Mac - StockApp (5534)' (0.001 seconds)
Test suite 'CSVImporterTests' started on 'My Mac - StockApp (5534)'
Test case 'CSVImporterTests.test_mapOperation_C_returnsBUY()' passed on 'My Mac - StockApp (5534)' (0.000 seconds)
Test case 'CSVImporterTests.test_mapOperation_unknown_returnsNil()' passed on 'My Mac - StockApp (5534)' (0.000 seconds)
Test case 'CSVImporterTests.test_mapOperation_V_returnsSELL()' passed on 'My Mac - StockApp (5534)' (0.007 seconds)
Test case 'CSVImporterTests.test_parse_columnOrderIndependent()' passed on 'My Mac - StockApp (5534)' (0.000 seconds)
Test case 'CSVImporterTests.test_parse_duplicateDetection()' passed on 'My Mac - StockApp (5534)' (0.000 seconds)
Test case 'CSVImporterTests.test_parse_emptyFile_throws()' passed on 'My Mac - StockApp (5534)' (0.000 seconds)
Test case '
Test session results, code coverage, and logs:
	/Users/leandro/Library/Developer/Xcode/DerivedData/StockApp-gvybguqogxbfaxebcknhjzivzyzu/Logs/Test/Test-StockApp-2026.03.29_00-19-19--0300.xcresult

CSVImporterTests.test_parse_emptyTicker_rowSkipped()' passed on 'My Mac - StockApp (5534)' (0.000 seconds)
Test case 'CSVImporterTests.test_parse_extractsFeesFromCusto()' passed on 'My Mac - StockApp (5534)' (0.001 seconds)
Test case 'CSVImporterTests.test_parse_missingRequiredHeaders_throws()' passed on 'My Mac - StockApp (5534)' (0.000 seconds)
Test case 'CSVImporterTests.test_parse_mixedRows_validAndInvalid()' passed on 'My Mac - StockApp (5534)' (0.001 seconds)
Test case 'CSVImporterTests.test_parse_singleValidRow_allFieldsMapped()' passed on 'My Mac - StockApp (5534)' (0.001 seconds)
Test case 'CSVImporterTests.test_parse_tickerIsUppercased()' passed on 'My Mac - StockApp (5534)' (0.000 seconds)
Test case 'CSVImporterTests.test_parse_withQuotedFields()' passed on 'My Mac - StockApp (5534)' (0.001 seconds)
Test case 'CSVImporterTests.test_parseDate_allTwelveMonths()' passed on 'My Mac - StockApp (5534)' (0.001 seconds)
Test case 'CSVImporterTests.test_parseDate_invalidReturnsNil()' passed on 'My Mac - StockApp (5534)' (0.000 seconds)
Test case 'CSVImporterTests.test_parseDate_standardFormat()' passed on 'My Mac - StockApp (5534)' (0.000 seconds)
Test case 'CSVImporterTests.test_parseNumber_commaDecimal()' passed on 'My Mac - StockApp (5534)' (0.001 seconds)
Test case 'CSVImporterTests.test_parseNumber_integer()' passed on 'My Mac - StockApp (5534)' (0.012 seconds)
Test case 'CSVImporterTests.test_parseNumber_invalidReturnsNil()' passed on 'My Mac - StockApp (5534)' (0.000 seconds)
Test case 'CSVImporterTests.test_parseNumber_thousandsSeparator()' passed on 'My Mac - StockApp (5534)' (0.000 seconds)
Test suite 'PortfolioCalculatorTests' started on 'My Mac - StockApp (5534)'
Test case 'PortfolioCalculatorTests.test_buyCost_includedInAveragePrice()' passed on 'My Mac - StockApp (5534)' (0.001 seconds)
Test case 'PortfolioCalculatorTests.test_emptyTransactions_returnsEmpty()' passed on 'My Mac - StockApp (5534)' (0.001 seconds)
Test case 'PortfolioCalculatorTests.test_fullSell_keepsPositionAsClosed()' passed on 'My Mac - StockApp (5534)' (0.001 seconds)
Test case 'PortfolioCalculatorTests.test_multipleBuys_computesWeightedAverage()' passed on 'My Mac - StockApp (5534)' (0.001 seconds)
Test case 'PortfolioCalculatorTests.test_multipleTickers_calculatedIndependently()' passed on 'My Mac - StockApp (5534)' (0.001 seconds)
Test case 'PortfolioCalculatorTests.test_sameDateTransactions_secondarySortByCreatedAt()' passed on 'My Mac - StockApp (5534)' (0.001 seconds)
Test case 'PortfolioCalculatorTests.test_sell_computesRealizedGain()' passed on 'My Mac - StockApp (5534)' (0.001 seconds)
Test case 'PortfolioCalculatorTests.test_sell_doesNotChangeAveragePrice()' passed on 'My Mac - StockApp (5534)' (0.001 seconds)
Test case 'PortfolioCalculatorTests.test_sell_withBrokerageCost_reducesRealizedGain()' passed on 'My Mac - StockApp (5534)' (0.001 seconds)
Test case 'PortfolioCalculatorTests.test_singleBuy_producesCorrectPosition()' passed on 'My Mac - StockApp (5534)' (0.001 seconds)
Test case 'PortfolioCalculatorTests.test_unsortedInput_sortedChronologicallyBeforeCalculation()' passed on 'My Mac - StockApp (5534)' (0.001 seconds)
Test suite 'StockAppTests' started on 'My Mac - StockApp (5534)'
Test case 'StockAppTests/example()' passed on 'My Mac - StockApp (5534)' (0.000 seconds)
